// Jest Snapshot v1, https://goo.gl/fbAQLP

exports[`Header UI Shallowrenders Landing.js 1`] = `ShallowWrapper {}`;
