// Jest Snapshot v1, https://goo.gl/fbAQLP

exports[`Global Ranking View Btn UI clicking table view btn 1`] = `ShallowWrapper {}`;
